exports[`ComponentDetails should render correctly 1`] = `
<div
  className={undefined}>
  <section
    className="paper">
    <h2
      className="paper__title">
      Preview
    </h2>
    <iframe
      src="/render/component/undefined"
      style={
        Object {
          "border": "none",
        }
      } />
  </section>
  <section
    className="paper">
    <h2
      className="paper__title">
      Children
    </h2>
    <div>
      <div
        className="tag">
        div
      </div>
      <div
        className="tag">
        Tab
      </div>
    </div>
  </section>
  <section
    className="paper">
    <h2
      className="paper__title">
      Class names
    </h2>
    <div>
      <div
        className="tag">
        tabs
      </div>
      <div
        className="tag">
        header
      </div>
      <div
        className="tag">
        header--large
      </div>
    </div>
  </section>
  <section
    className="paper">
    <h2
      className="paper__title">
      Dependencies
    </h2>
    <div>
      <div
        className="tag">
        React
         (
        react
        )
      </div>
      <div
        className="tag">
        Tab
         (
        ./Tab
        )
      </div>
    </div>
  </section>
  <section
    className="paper">
    <h2
      className="paper__title">
      Code
    </h2>
  </section>
</div>
`;
