exports[`ComponentList should render correctly 1`] = `
<nav
  className="itemlist">
  <a
    className="itemlist__item"
    onClick={[Function]}
    style={Object {}}>
    Button
  </a>
  <a
    className="itemlist__item"
    onClick={[Function]}
    style={Object {}}>
    Tab
  </a>
  <a
    className="itemlist__item"
    onClick={[Function]}
    style={Object {}}>
    Tabs
  </a>
</nav>
`;
